Failed to write SECRET_KEY to /config/secret.key. Encryption will fail on restart! Error: [Errno 13] Permission denied: '/config'
/app/backend/api/routers/registries.py:12: FastAPIDeprecationWarning: `regex` has been deprecated, please use `pattern` instead
  registry: str = Query("dockerhub", regex="^(dockerhub|ghcr|linuxserver)$"),
/app/backend/api/routers/registries.py:21: FastAPIDeprecationWarning: `regex` has been deprecated, please use `pattern` instead
  registry: str = Query("dockerhub", regex="^(dockerhub|ghcr|linuxserver)$"),
/app/backend/api/routers/registries.py:30: FastAPIDeprecationWarning: `regex` has been deprecated, please use `pattern` instead
  registry: str = Query("dockerhub", regex="^(dockerhub|ghcr|linuxserver)$"),
INFO:api.main:Using default Docker socket (local).
WARNING:api.main:CRITICAL SECURITY WARNING: ALLOWED_HOSTS is set to ['*']. This is insecure for production.
WARNING:api.main:Please set ALLOWED_HOSTS to your specific domain or IP address in environment variables to prevent Host Header attacks.
INFO:     Started server process [7781]
INFO:     Waiting for application startup.
INFO:api.main:Starting up...
INFO:api.main:Checking Docker Socket/Proxy availability...
INFO:api.main:Docker Socket/Proxy is available.
INFO:api.main:Scheduler Lock already held by another worker. Skipping Scheduler start.
INFO:api.main:DISABLE_AUTH = False
INFO:api.main:Template Variables Exist
INFO:     Application startup complete.
ERROR:    [Errno 98] error while attempting to bind on address ('0.0.0.0', 8000): address already in use
INFO:     Waiting for application shutdown.
INFO:api.main:Shutting down...
INFO:     Application shutdown complete.
INFO:     127.0.0.1:43726 - "GET /setup/status HTTP/1.1" 200 OK
INFO:     127.0.0.1:43732 - "GET /auth/me HTTP/1.1" 401 Unauthorized
